// Jest Snapshot v1, https://goo.gl/fbAQLP

exports[`FunctionalComponent Render [FunctionalComponent]: Should render desktop view 1`] = `
<main
  className="main"
>
  <div>
    loading ...
  </div>
</main>
`;

exports[`FunctionalComponent Render [FunctionalComponent]: Should render loading default page 1`] = `
<main
  className="main"
>
  <div>
    loading ...
  </div>
</main>
`;
